[    0.000000] Linux version 4.15.0-187-generic (buildd@lcy02-amd64-046) (gcc version 7.5.0 (Ubuntu 7.5.0-3ubuntu1~18.04)) #198-Ubuntu SMP Tue Jun 14 03:23:51 UTC 2022 (Ubuntu 4.15.0-187.198-generic 4.15.18)
[    0.000000] Command line: BOOT_IMAGE=/boot/vmlinuz-4.15.0-187-generic root=LABEL=cloudimg-rootfs ro console=tty1 console=ttyS0
[    0.000000] KERNEL supported cpus:
[    0.000000]   Intel GenuineIntel
[    0.000000]   AMD AuthenticAMD
[    0.000000]   Centaur CentaurHauls
[    0.000000] x86/fpu: Supporting XSAVE feature 0x001: 'x87 floating point registers'
[    0.000000] x86/fpu: Supporting XSAVE feature 0x002: 'SSE registers'
[    0.000000] x86/fpu: Supporting XSAVE feature 0x004: 'AVX registers'
[    0.000000] x86/fpu: xstate_offset[2]:  576, xstate_sizes[2]:  256
[    0.000000] x86/fpu: Enabled xstate features 0x7, context size is 832 bytes, using 'standard' format.
[    0.000000] e820: BIOS-provided physical RAM map:
[    0.000000] BIOS-e820: [mem 0x0000000000000000-0x000000000009fbff] usable
[    0.000000] BIOS-e820: [mem 0x000000000009fc00-0x000000000009ffff] reserved
[    0.000000] BIOS-e820: [mem 0x00000000000f0000-0x00000000000fffff] reserved
[    0.000000] BIOS-e820: [mem 0x0000000000100000-0x000000003ffeffff] usable
[    0.000000] BIOS-e820: [mem 0x000000003fff0000-0x000000003fffffff] ACPI data
[    0.000000] BIOS-e820: [mem 0x00000000fec00000-0x00000000fec00fff] reserved
[    0.000000] BIOS-e820: [mem 0x00000000fee00000-0x00000000fee00fff] reserved
[    0.000000] BIOS-e820: [mem 0x00000000fffc0000-0x00000000ffffffff] reserved
[    0.000000] NX (Execute Disable) protection: active
[    0.000000] SMBIOS 2.5 present.
[    0.000000] DMI: innotek GmbH VirtualBox/VirtualBox, BIOS VirtualBox 12/01/2006
[    0.000000] Hypervisor detected: KVM
[    0.000000] e820: last_pfn = 0x3fff0 max_arch_pfn = 0x400000000
[    0.000000] MTRR: Disabled
[    0.000000] x86/PAT: MTRRs disabled, skipping PAT initialization too.
[    0.000000] CPU MTRRs all blank - virtualized system.
[    0.000000] x86/PAT: Configuration [0-7]: WB  WT  UC- UC  WB  WT  UC- UC  
[    0.000000] found SMP MP-table at [mem 0x0009fff0-0x0009ffff]
[    0.000000] Scanning 1 areas for low memory corruption
[    0.000000] RAMDISK: [mem 0x359c9000-0x36cdbfff]
[    0.000000] ACPI: Early table checksum verification disabled
[    0.000000] ACPI: RSDP 0x00000000000E0000 000024 (v02 VBOX  )
[    0.000000] ACPI: XSDT 0x000000003FFF0030 00003C (v01 VBOX   VBOXXSDT 00000001 ASL  00000061)
[    0.000000] ACPI: FACP 0x000000003FFF00F0 0000F4 (v04 VBOX   VBOXFACP 00000001 ASL  00000061)
[    0.000000] ACPI: DSDT 0x000000003FFF0470 002325 (v02 VBOX   VBOXBIOS 00000002 INTL 20100528)
[    0.000000] ACPI: FACS 0x000000003FFF0200 000040
[    0.000000] ACPI: FACS 0x000000003FFF0200 000040
[    0.000000] ACPI: APIC 0x000000003FFF0240 00005C (v02 VBOX   VBOXAPIC 00000001 ASL  00000061)
[    0.000000] ACPI: SSDT 0x000000003FFF02A0 0001CC (v01 VBOX   VBOXCPUT 00000002 INTL 20100528)
[    0.000000] ACPI: Reserving FACP table memory at [mem 0x3fff00f0-0x3fff01e3]
[    0.000000] ACPI: Reserving DSDT table memory at [mem 0x3fff0470-0x3fff2794]
[    0.000000] ACPI: Reserving FACS table memory at [mem 0x3fff0200-0x3fff023f]
[    0.000000] ACPI: Reserving FACS table memory at [mem 0x3fff0200-0x3fff023f]
[    0.000000] ACPI: Reserving APIC table memory at [mem 0x3fff0240-0x3fff029b]
[    0.000000] ACPI: Reserving SSDT table memory at [mem 0x3fff02a0-0x3fff046b]
[    0.000000] No NUMA configuration found
[    0.000000] Faking a node at [mem 0x0000000000000000-0x000000003ffeffff]
[    0.000000] NODE_DATA(0) allocated [mem 0x3ffc5000-0x3ffeffff]
[    0.000000] kvm-clock: cpu 0, msr 0:3ff44001, primary cpu clock
[    0.000000] kvm-clock: Using msrs 4b564d01 and 4b564d00
[    0.000000] kvm-clock: using sched offset of 3679653537 cycles
[    0.000000] clocksource: kvm-clock: mask: 0xffffffffffffffff max_cycles: 0x1cd42e4dffb, max_idle_ns: 881590591483 ns
[    0.000000] Zone ranges:
[    0.000000]   DMA      [mem 0x0000000000001000-0x0000000000ffffff]
[    0.000000]   DMA32    [mem 0x0000000001000000-0x000000003ffeffff]
[    0.000000]   Normal   empty
[    0.000000]   Device   empty
[    0.000000] Movable zone start for each node
[    0.000000] Early memory node ranges
[    0.000000]   node   0: [mem 0x0000000000001000-0x000000000009efff]
[    0.000000]   node   0: [mem 0x0000000000100000-0x000000003ffeffff]
[    0.000000] Reserved but unavailable: 104 pages
[    0.000000] Initmem setup node 0 [mem 0x0000000000001000-0x000000003ffeffff]
[    0.000000] ACPI: PM-Timer IO Port: 0x4008
[    0.000000] IOAPIC[0]: apic_id 2, version 32, address 0xfec00000, GSI 0-23
[    0.000000] ACPI: INT_SRC_OVR (bus 0 bus_irq 0 global_irq 2 dfl dfl)
[    0.000000] ACPI: INT_SRC_OVR (bus 0 bus_irq 9 global_irq 9 low level)
[    0.000000] Using ACPI (MADT) for SMP configuration information
[    0.000000] smpboot: Allowing 2 CPUs, 0 hotplug CPUs
[    0.000000] PM: Registered nosave memory: [mem 0x00000000-0x00000fff]
[    0.000000] PM: Registered nosave memory: [mem 0x0009f000-0x0009ffff]
[    0.000000] PM: Registered nosave memory: [mem 0x000a0000-0x000effff]
[    0.000000] PM: Registered nosave memory: [mem 0x000f0000-0x000fffff]
[    0.000000] e820: [mem 0x40000000-0xfebfffff] available for PCI devices
[    0.000000] Booting paravirtualized kernel on KVM
[    0.000000] clocksource: refined-jiffies: mask: 0xffffffff max_cycles: 0xffffffff, max_idle_ns: 7645519600211568 ns
[    0.000000] random: get_random_bytes called from start_kernel+0x99/0x500 with crng_init=0
[    0.000000] setup_percpu: NR_CPUS:8192 nr_cpumask_bits:2 nr_cpu_ids:2 nr_node_ids:1
[    0.000000] percpu: Embedded 50 pages/cpu s167936 r8192 d28672 u1048576
[    0.000000] PV qspinlock hash table entries: 256 (order: 0, 4096 bytes)
[    0.000000] Built 1 zonelists, mobility grouping on.  Total pages: 257913
[    0.000000] Policy zone: DMA32
[    0.000000] Kernel command line: BOOT_IMAGE=/boot/vmlinuz-4.15.0-187-generic root=LABEL=cloudimg-rootfs ro console=tty1 console=ttyS0
[    0.000000] Memory: 982644K/1048120K available (12300K kernel code, 2484K rwdata, 4324K rodata, 2468K init, 2724K bss, 65476K reserved, 0K cma-reserved)
[    0.000000] SLUB: HWalign=64, Order=0-3, MinObjects=0, CPUs=2, Nodes=1
[    0.000000] Kernel/User page tables isolation: enabled
[    0.000000] ftrace: allocating 39513 entries in 155 pages
[    0.004000] Hierarchical RCU implementation.
[    0.004000] 	RCU restricting CPUs from NR_CPUS=8192 to nr_cpu_ids=2.
[    0.004000] 	Tasks RCU enabled.
[    0.004000] RCU: Adjusting geometry for rcu_fanout_leaf=16, nr_cpu_ids=2
[    0.004000] NR_IRQS: 524544, nr_irqs: 440, preallocated irqs: 16
[    0.004000] Console: colour VGA+ 80x25
[    0.004000] console [tty1] enabled
[    0.004000] console [ttyS0] enabled
[    0.004000] ACPI: Core revision 20170831
[    0.004000] ACPI: 2 ACPI AML tables successfully acquired and loaded
[    0.004000] APIC: Switch to symmetric I/O mode setup
[    0.004000] x2apic enabled
[    0.004000] Switched APIC routing to physical x2apic.
[    0.004000] ..TIMER: vector=0x30 apic1=0 pin1=2 apic2=-1 pin2=-1
[    0.004000] tsc: Detected 2591.996 MHz processor
[    0.004007] Calibrating delay loop (skipped) preset value.. 5183.99 BogoMIPS (lpj=10367984)
[    0.005042] pid_max: default: 32768 minimum: 301
[    0.005646] Security Framework initialized
[    0.006175] Yama: becoming mindful.
[    0.006649] AppArmor: AppArmor initialized
[    0.008007] Dentry cache hash table entries: 131072 (order: 8, 1048576 bytes)
[    0.008945] Inode-cache hash table entries: 65536 (order: 7, 524288 bytes)
[    0.012011] Mount-cache hash table entries: 2048 (order: 2, 16384 bytes)
[    0.012875] Mountpoint-cache hash table entries: 2048 (order: 2, 16384 bytes)
[    0.013999] Last level iTLB entries: 4KB 64, 2MB 8, 4MB 8
[    0.014675] Last level dTLB entries: 4KB 64, 2MB 0, 4MB 0, 1GB 4
[    0.016002] Spectre V1 : Mitigation: usercopy/swapgs barriers and __user pointer sanitization
[    0.017060] Spectre V2 : Mitigation: Retpolines
[    0.017662] Spectre V2 : Spectre v2 / SpectreRSB mitigation: Filling RSB on context switch
[    0.018689] Speculative Store Bypass: Vulnerable
[    0.019348] MDS: Mitigation: Clear CPU buffers
[    0.020002] MMIO Stale Data: Mitigation: Clear CPU buffers
[    0.020689] SRBDS: Unknown: Dependent on hypervisor status
[    0.021501] Freeing SMP alternatives memory: 36K
[    0.131531] smpboot: CPU0: Intel(R) Core(TM) i7-9750H CPU @ 2.60GHz (family: 0x6, model: 0x9e, stepping: 0xa)
[    0.132000] Performance Events: unsupported p6 CPU model 158 no PMU driver, software events only.
[    0.132000] Hierarchical SRCU implementation.
[    0.132273] NMI watchdog: Perf event create on CPU 0 failed with -2
[    0.133087] NMI watchdog: Perf NMI watchdog permanently disabled
[    0.134283] smp: Bringing up secondary CPUs ...
[    0.135194] x86: Booting SMP configuration:
[    0.136000] .... node  #0, CPUs:      #1
[    0.004000] kvm-clock: cpu 1, msr 0:3ff44041, secondary cpu clock
[    0.140018] smp: Brought up 1 node, 2 CPUs
[    0.141188] smpboot: Max logical packages: 1
[    0.142091] smpboot: Total of 2 processors activated (10367.98 BogoMIPS)
[    0.144038] devtmpfs: initialized
[    0.144546] x86/mm: Memory block size: 128MB
[    0.145260] evm: security.selinux
[    0.145760] evm: security.SMACK64
[    0.146253] evm: security.SMACK64EXEC
[    0.146742] evm: security.SMACK64TRANSMUTE
[    0.147282] evm: security.SMACK64MMAP
[    0.147772] evm: security.apparmor
[    0.148002] evm: security.ima
[    0.148415] evm: security.capability
[    0.148930] clocksource: jiffies: mask: 0xffffffff max_cycles: 0xffffffff, max_idle_ns: 7645041785100000 ns
[    0.149254] futex hash table entries: 512 (order: 3, 32768 bytes)
[    0.150060] pinctrl core: initialized pinctrl subsystem
[    0.152073] RTC time: 21:25:20, date: 08/31/22
[    0.152802] NET: Registered protocol family 16
[    0.153434] audit: initializing netlink subsys (disabled)
[    0.154221] audit: type=2000 audit(1661981126.464:1): state=initialized audit_enabled=0 res=1
[    0.156010] cpuidle: using governor ladder
[    0.157103] cpuidle: using governor menu
[    0.158023] ACPI: bus type PCI registered
[    0.158558] acpiphp: ACPI Hot Plug PCI Controller Driver version: 0.5
[    0.160077] PCI: Using configuration type 1 for base access
[    0.160825] HugeTLB registered 2.00 MiB page size, pre-allocated 0 pages
[    0.164058] ACPI: Added _OSI(Module Device)
[    0.164620] ACPI: Added _OSI(Processor Device)
[    0.165260] ACPI: Added _OSI(3.0 _SCP Extensions)
[    0.165905] ACPI: Added _OSI(Processor Aggregator Device)
[    0.166595] ACPI: Added _OSI(Linux-Dell-Video)
[    0.167175] ACPI: Added _OSI(Linux-Lenovo-NV-HDMI-Audio)
[    0.167852] ACPI: Added _OSI(Linux-HPI-Hybrid-Graphics)
[    0.168223] ACPI: Executed 1 blocks of module-level executable AML code
[    0.172494] ACPI: Interpreter enabled
[    0.173458] ACPI: (supports S0 S5)
[    0.173982] ACPI: Using IOAPIC for interrupt routing
[    0.174879] PCI: Using host bridge windows from ACPI; if necessary, use "pci=nocrs" and report a bug
[    0.176132] ACPI: Enabled 2 GPEs in block 00 to 07
[    0.181220] ACPI: PCI Root Bridge [PCI0] (domain 0000 [bus 00-ff])
[    0.182505] acpi PNP0A03:00: _OSC: OS supports [ASPM ClockPM Segments MSI]
[    0.183966] acpi PNP0A03:00: _OSC: not requesting OS control; OS requires [ExtendedConfig ASPM ClockPM MSI]
[    0.184008] acpi PNP0A03:00: fail to add MMCONFIG information, can't access extended PCI configuration space under this bridge.
[    0.185798] PCI host bridge to bus 0000:00
[    0.186633] pci_bus 0000:00: root bus resource [io  0x0000-0x0cf7 window]
[    0.188004] pci_bus 0000:00: root bus resource [io  0x0d00-0xffff window]
[    0.189620] pci_bus 0000:00: root bus resource [mem 0x000a0000-0x000bffff window]
[    0.191048] pci_bus 0000:00: root bus resource [mem 0x40000000-0xfdffffff window]
[    0.192003] pci_bus 0000:00: root bus resource [bus 00-ff]
[    0.196015] pci 0000:00:01.1: legacy IDE quirk: reg 0x10: [io  0x01f0-0x01f7]
[    0.196965] pci 0000:00:01.1: legacy IDE quirk: reg 0x14: [io  0x03f6]
[    0.197878] pci 0000:00:01.1: legacy IDE quirk: reg 0x18: [io  0x0170-0x0177]
[    0.198753] pci 0000:00:01.1: legacy IDE quirk: reg 0x1c: [io  0x0376]
[    0.210653] pci 0000:00:07.0: quirk: [io  0x4000-0x403f] claimed by PIIX4 ACPI
[    0.212017] pci 0000:00:07.0: quirk: [io  0x4100-0x410f] claimed by PIIX4 SMB
[    0.220284] ACPI: PCI Interrupt Link [LNKA] (IRQs 5 9 10 *11)
[    0.222239] ACPI: PCI Interrupt Link [LNKB] (IRQs 5 9 *10 11)
[    0.223352] ACPI: PCI Interrupt Link [LNKC] (IRQs 5 *9 10 11)
[    0.224088] ACPI: PCI Interrupt Link [LNKD] (IRQs 5 9 10 *11)
[    0.225291] SCSI subsystem initialized
[    0.225933] pci 0000:00:02.0: vgaarb: setting as boot VGA device
[    0.225933] pci 0000:00:02.0: vgaarb: VGA device added: decodes=io+mem,owns=io+mem,locks=none
[    0.228022] pci 0000:00:02.0: vgaarb: bridge control possible
[    0.229263] vgaarb: loaded
[    0.229905] ACPI: bus type USB registered
[    0.230632] usbcore: registered new interface driver usbfs
[    0.231334] usbcore: registered new interface driver hub
[    0.232007] usbcore: registered new device driver usb
[    0.232692] EDAC MC: Ver: 3.0.0
[    0.232970] PCI: Using ACPI for IRQ routing
[    0.233274] NetLabel: Initializing
[    0.236002] NetLabel:  domain hash size = 128
[    0.236583] NetLabel:  protocols = UNLABELED CIPSOv4 CALIPSO
[    0.237322] NetLabel:  unlabeled traffic allowed by default
[    0.238790] clocksource: Switched to clocksource kvm-clock
[    0.250352] VFS: Disk quotas dquot_6.6.0
[    0.251319] VFS: Dquot-cache hash table entries: 512 (order 0, 4096 bytes)
[    0.252976] AppArmor: AppArmor Filesystem Enabled
[    0.254044] pnp: PnP ACPI init
[    0.255843] pnp: PnP ACPI: found 3 devices
[    0.265434] clocksource: acpi_pm: mask: 0xffffff max_cycles: 0xffffff, max_idle_ns: 2085701024 ns
[    0.267404] NET: Registered protocol family 2
[    0.268377] IP idents hash table entries: 16384 (order: 5, 131072 bytes)
[    0.272008] TCP established hash table entries: 8192 (order: 4, 65536 bytes)
[    0.273296] TCP bind hash table entries: 8192 (order: 5, 131072 bytes)
[    0.274930] TCP: Hash tables configured (established 8192 bind 8192)
[    0.275940] UDP hash table entries: 512 (order: 2, 16384 bytes)
[    0.276720] UDP-Lite hash table entries: 512 (order: 2, 16384 bytes)
[    0.277617] NET: Registered protocol family 1
[    0.278262] pci 0000:00:00.0: Limiting direct PCI/PCI transfers
[    0.279043] pci 0000:00:01.0: Activating ISA DMA hang workarounds
[    0.279848] pci 0000:00:02.0: Video device with shadowed ROM at [mem 0x000c0000-0x000dffff]
[    0.281018] Unpacking initramfs...
[    0.554837] Freeing initrd memory: 19532K
[    0.555931] clocksource: tsc: mask: 0xffffffffffffffff max_cycles: 0x255cb30caa3, max_idle_ns: 440795217292 ns
[    0.557699] platform rtc_cmos: registered platform RTC device (no PNP device found)
[    0.558750] Scanning for low memory corruption every 60 seconds
[    0.560282] Initialise system trusted keyrings
[    0.560896] Key type blacklist registered
[    0.561537] workingset: timestamp_bits=36 max_order=18 bucket_order=0
[    0.563125] zbud: loaded
[    0.564175] squashfs: version 4.0 (2009/01/31) Phillip Lougher
[    0.565265] fuse init (API version 7.26)
[    0.567982] Key type asymmetric registered
[    0.568631] Asymmetric key parser 'x509' registered
[    0.569311] Block layer SCSI generic (bsg) driver version 0.4 loaded (major 246)
[    0.570469] io scheduler noop registered
[    0.571071] io scheduler deadline registered
[    0.571784] io scheduler cfq registered (default)
[    0.572932] ACPI: AC Adapter [AC] (on-line)
[    0.573542] input: Power Button as /devices/LNXSYSTM:00/LNXPWRBN:00/input/input0
[    0.574594] ACPI: Power Button [PWRF]
[    0.575490] input: Sleep Button as /devices/LNXSYSTM:00/LNXSLPBN:00/input/input1
[    0.576604] ACPI: Sleep Button [SLPF]
[    0.577870] ACPI: Battery Slot [BAT0] (battery present)
[    0.578737] Serial: 8250/16550 driver, 32 ports, IRQ sharing enabled
[    0.600151] 00:02: ttyS0 at I/O 0x3f8 (irq = 4, base_baud = 115200) is a 16550A
[    0.604725] Linux agpgart interface v0.103
[    0.606866] loop: module loaded
[    0.607692] scsi host0: ata_piix
[    0.608297] scsi host1: ata_piix
[    0.608771] ata1: PATA max UDMA/33 cmd 0x1f0 ctl 0x3f6 bmdma 0xd000 irq 14
[    0.609816] ata2: PATA max UDMA/33 cmd 0x170 ctl 0x376 bmdma 0xd008 irq 15
[    0.610787] tun: Universal TUN/TAP device driver, 1.6
[    0.611506] PPP generic driver version 2.4.2
[    0.612295] ehci_hcd: USB 2.0 'Enhanced' Host Controller (EHCI) Driver
[    0.613177] ehci-pci: EHCI PCI platform driver
[    0.613789] ehci-platform: EHCI generic platform driver
[    0.614477] ohci_hcd: USB 1.1 'Open' Host Controller (OHCI) Driver
[    0.615384] ohci-pci: OHCI PCI platform driver
[    0.616001] ohci-platform: OHCI generic platform driver
[    0.616730] uhci_hcd: USB Universal Host Controller Interface driver
[    0.617595] i8042: PNP: PS/2 Controller [PNP0303:PS2K,PNP0f03:PS2M] at 0x60,0x64 irq 1,12
[    0.619602] serio: i8042 KBD port at 0x60,0x64 irq 1
[    0.620305] serio: i8042 AUX port at 0x60,0x64 irq 12
[    0.621315] mousedev: PS/2 mouse device common for all mice
[    0.622674] input: AT Translated Set 2 keyboard as /devices/platform/i8042/serio0/input/input2
[    0.623900] rtc_cmos rtc_cmos: rtc core: registered rtc_cmos as rtc0
[    0.624911] rtc_cmos rtc_cmos: alarms up to one day, 114 bytes nvram
[    0.625880] i2c /dev entries driver
[    0.626395] device-mapper: uevent: version 1.0.3
[    0.627143] device-mapper: ioctl: 4.37.0-ioctl (2017-09-20) initialised: dm-devel@redhat.com
[    0.628413] ledtrig-cpu: registered to indicate activity on CPUs
[    0.629610] NET: Registered protocol family 10
[    0.632966] Segment Routing with IPv6
[    0.633746] NET: Registered protocol family 17
[    0.634697] Key type dns_resolver registered
[    0.635941] mce: Using 0 MCE banks
[    0.636439] RAS: Correctable Errors collector initialized.
[    0.637146] sched_clock: Marking stable (636426264, 0)->(761459091, -125032827)
[    0.638815] registered taskstats version 1
[    0.639368] Loading compiled-in X.509 certificates
[    0.641688] Loaded X.509 cert 'Build time autogenerated kernel key: 979a73de01c113c656ad15d85e66cc9cfc8996b6'
[    0.643325] Loaded X.509 cert 'Canonical Ltd. Live Patch Signing: 14df34d1a87cf37625abec039ef2bf521249b969'
[    0.645106] Loaded X.509 cert 'Canonical Ltd. Kernel Module Signing: 88f752e560a1e0737e31163a466ad7b70a850c19'
[    0.646426] blacklist: Loading compiled-in revocation X.509 certificates
[    0.647271] Loaded X.509 cert 'Canonical Ltd. Secure Boot Signing: 61482aa2830d0ab2ad5af10b7250da9033ddcef0'
[    0.648524] zswap: loaded using pool lzo/zbud
[    0.652251] Key type big_key registered
[    0.653008] Key type trusted registered
[    0.654691] Key type encrypted registered
[    0.655279] AppArmor: AppArmor sha1 policy hashing enabled
[    0.656190] ima: No TPM chip found, activating TPM-bypass! (rc=-19)
[    0.657064] ima: Allocated hash algorithm: sha1
[    0.657665] evm: HMAC attrs: 0x1
[    0.658300]   Magic number: 2:945:450
[    0.658796]  machinecheck: hash matches
[    0.659562] rtc_cmos rtc_cmos: setting system clock to 2022-08-31 21:25:21 UTC (1661981121)
[    0.660839] BIOS EDD facility v0.16 2004-Jun-25, 0 devices found
[    0.661599] EDD information not available.
[    0.800612] Freeing unused kernel image memory: 2468K
[    0.808101] Write protecting the kernel read-only data: 20480k
[    0.810301] Freeing unused kernel image memory: 2008K
[    0.811662] Freeing unused kernel image memory: 1820K
[    0.817550] x86/mm: Checked W+X mappings: passed, no W+X pages found.
[    0.819210] x86/mm: Checking user space page tables
[    0.825223] x86/mm: Checked W+X mappings: passed, no W+X pages found.
Loading, please wait...
starting version 237
[    0.882515] e1000: Intel(R) PRO/1000 Network Driver - version 7.3.21-k8-NAPI
[    0.883874] e1000: Copyright (c) 1999-2006 Intel Corporation.
[    0.897885] Fusion MPT base driver 3.04.20
[    0.898596] Copyright (c) 1999-2008 LSI Corporation
[    0.899656] AVX2 version of gcm_enc/dec engaged.
[    0.900657] AES CTR mode by8 optimization enabled
[    0.906437] Fusion MPT SPI Host driver 3.04.20
[    1.094685] input: ImExPS/2 Generic Explorer Mouse as /devices/platform/i8042/serio1/input/input4
[    1.263161] e1000 0000:00:03.0 eth0: (PCI:33MHz:32-bit) 02:77:ed:63:d5:e3
[    1.264552] e1000 0000:00:03.0 eth0: Intel(R) PRO/1000 Network Connection
[    1.266629] mptbase: ioc0: Initiating bringup
[    1.360850] ioc0: LSI53C1030 A0: Capabilities={Initiator}
[    1.603766] scsi host2: ioc0: LSI53C1030 A0, FwRev=00000000h, Ports=1, MaxQ=256, IRQ=20
[    1.773256] scsi 2:0:0:0: Direct-Access     VBOX     HARDDISK         1.0  PQ: 0 ANSI: 5
[    1.809058] scsi target2:0:0: Beginning Domain Validation
[    1.845585] scsi target2:0:0: Domain Validation skipping write tests
[    1.846980] scsi target2:0:0: Ending Domain Validation
[    1.847943] scsi target2:0:0: asynchronous
[    1.864801] scsi 2:0:1:0: Direct-Access     VBOX     HARDDISK         1.0  PQ: 0 ANSI: 5
[    1.898588] scsi target2:0:1: Beginning Domain Validation
[    1.910005] random: fast init done
[    1.910933] scsi target2:0:1: Domain Validation skipping write tests
[    1.912264] scsi target2:0:1: Ending Domain Validation
[    1.913076] scsi target2:0:1: asynchronous
[    1.917717] random: systemd-udevd: uninitialized urandom read (16 bytes read)
[    1.920336] random: systemd-udevd: uninitialized urandom read (16 bytes read)
[    1.921680] random: systemd-udevd: uninitialized urandom read (16 bytes read)
[    1.924119] sd 2:0:0:0: Attached scsi generic sg0 type 0
[    1.928220] sd 2:0:1:0: Attached scsi generic sg1 type 0
[    1.928978] sd 2:0:0:0: [sda] 83886080 512-byte logical blocks: (42.9 GB/40.0 GiB)
[    1.930174] sd 2:0:0:0: [sda] Write Protect is off
[    1.931446] sd 2:0:0:0: [sda] Incomplete mode parameter data
[    1.932674] sd 2:0:0:0: [sda] Assuming drive cache: write through
[    1.934760]  sda: sda1
[    1.936216] sd 2:0:1:0: [sdb] 20480 512-byte logical blocks: (10.5 MB/10.0 MiB)
[    1.937342] sd 2:0:0:0: [sda] Attached SCSI disk
[    1.938006] sd 2:0:1:0: [sdb] Write Protect is off
[    1.939056] sd 2:0:1:0: [sdb] Incomplete mode parameter data
[    1.939892] sd 2:0:1:0: [sdb] Assuming drive cache: write through
[    1.943745] sd 2:0:1:0: [sdb] Attached SCSI disk
[    2.154225] e1000 0000:00:08.0 eth1: (PCI:33MHz:32-bit) 08:00:27:fc:ed:97
[    2.157296] e1000 0000:00:08.0 eth1: Intel(R) PRO/1000 Network Connection
[    2.160063] e1000 0000:00:03.0 enp0s3: renamed from eth0
[    2.176674] e1000 0000:00:08.0 enp0s8: renamed from eth1
Begin: Loading essential drivers ... [    3.548115] raid6: sse2x1   gen() 13196 MB/s
[    3.596119] raid6: sse2x1   xor() 10007 MB/s
[    3.644148] raid6: sse2x2   gen() 16888 MB/s
[    3.692061] raid6: sse2x2   xor() 10389 MB/s
[    3.740113] raid6: sse2x4   gen() 18617 MB/s
[    3.788130] raid6: sse2x4   xor() 11967 MB/s
[    3.836277] raid6: avx2x1   gen() 26800 MB/s
[    3.884178] raid6: avx2x1   xor() 18983 MB/s
[    3.932111] raid6: avx2x2   gen() 32021 MB/s
[    3.980101] raid6: avx2x2   xor() 21079 MB/s
[    4.028121] raid6: avx2x4   gen() 37930 MB/s
[    4.076101] raid6: avx2x4   xor() 21783 MB/s
[    4.076839] raid6: using algorithm avx2x4 gen() 37930 MB/s
[    4.077758] raid6: .... xor() 21783 MB/s, rmw enabled
[    4.078631] raid6: using avx2x2 recovery algorithm
[    4.080597] xor: automatically using best checksumming function   avx       
[    4.082693] async_tx: api initialized (async)
done.
Begin: Running /scripts/init-premount ... done.
Begin: Mounting root file system ... Begin: Running /scripts/local-top ... done.
Begin: Running /scripts/local-premount ... [    4.118021] Btrfs loaded, crc32c=crc32c-intel
Scanning for Btrfs filesystems
done.
Warning: fsck not present, so skipping root file system
[    4.147836] EXT4-fs (sda1): mounted filesystem with ordered data mode. Opts: (null)
done.
Begin: Running /scripts/local-bottom ... done.
Begin: Running /scripts/init-bottom ... done.
[    4.305504] ip_tables: (C) 2000-2006 Netfilter Core Team
[    4.315279] systemd[1]: systemd 237 running in system mode. (+PAM +AUDIT +SELINUX +IMA +APPARMOR +SMACK +SYSVINIT +UTMP +LIBCRYPTSETUP +GCRYPT +GNUTLS +ACL +XZ +LZ4 +SECCOMP +BLKID +ELFUTILS +KMOD -IDN2 +IDN -PCRE2 default-hierarchy=hybrid)
[    4.319424] systemd[1]: Detected virtualization oracle.
[    4.320114] systemd[1]: Detected architecture x86-64.

Welcome to [1mUbuntu 18.04.6 LTS[0m!

[    4.337365] systemd[1]: Set hostname to <ubuntu>.
[    4.343113] systemd[1]: Initializing machine ID from random generator.
[    4.344539] systemd[1]: Installed transient /etc/machine-id file.
[    4.605767] systemd[1]: Reached target System Time Synchronized.
[[0;32m  OK  [0m] Reached target System Time Synchronized.
[    4.671771] systemd[1]: Started Forward Password Requests to Wall Directory Watch.
[[0;32m  OK  [0m] Started Forward Password Requests to Wall Directory Watch.
[    5.163567] systemd[1]: Reached target Swap.
[[0;32m  OK  [0m] Reached target Swap.
[    5.176225] systemd[1]: Created slice System Slice.
[[0;32m  OK  [0m] Created slice System Slice.
[[0;32m  OK  [0m] Listening on Syslog Socket.
[[0;32m  OK  [0m] Listening on fsck to fsckd communication Socket.
[[0;32m  OK  [0m] Listening on Journal Socket.
         Mounting Kernel Debug File System...
[[0;32m  OK  [0m] Listening on Journal Socket (/dev/log).
         Starting File System Check on Root Device...
[[0;32m  OK  [0m] Listening on /dev/initctl Compatibility Named Pipe.
[[0;32m  OK  [0m] Listening on Network Service Netlink Socket.
         Starting Load Kernel Modules...
         Mounting POSIX Message Queue File System...
[[0;32m  OK  [0m] Created slice system-serial\x2dgetty.slice.
[[0;32m  OK  [0m] Listening on Journal Audit Socket.
         Starting Set the console keyboard layout...
[[0;32m  OK  [0m] Listening on LVM2 metadata daemon socket.
[    5.503377] Loading iSCSI transport class v2.0-870.
[[0;32m  OK  [0m] Listening on Device-mapper event daemon FIFOs.
[    5.510351] iscsi: registered transport (tcp)
[[0;32m  OK  [0m] Listening on udev Kernel Socket.
[[0;32m  OK  [0m] Reached target User and Group Name Lookups.
[    5.552205] iscsi: registered transport (iser)
         Starting Monitoring of LVM2 mirrorsâ€¦ng dmeventd or progress polling...
[[0;32m  OK  [0m] Listening on udev Control Socket.
         Starting Journal Service...
[[0;32m  OK  [0m] Set up automount Arbitrary Executabâ€¦rmats File System Automount Point.
         Starting Create list of required stâ€¦ce nodes for the current kernel...
[[0;32m  OK  [0m] Created slice User and Session Slice.
[[0;32m  OK  [0m] Reached target Slices.
         Mounting Huge Pages File System...
         Starting udev Coldplug all Devices...
         Starting Uncomplicated firewall...
[[0;32m  OK  [0m] Listening on LVM2 poll daemon socket.
[[0;32m  OK  [0m] Mounted Kernel Debug File System.
[[0;32m  OK  [0m] Started File System Check on Root Device.
[[0;32m  OK  [0m] Started Load Kernel Modules.
[[0;32m  OK  [0m] Mounted POSIX Message Queue File System.
[[0;32m  OK  [0m] Mounted Huge Pages File System.
[[0;32m  OK  [0m] Started File System Check Daemon to report status.
         Mounting FUSE Control File System...
         Starting Apply Kernel Variables...
         Mounting Kernel Configuration File System...
         Starting Remount Root and Kernel File Systems...
[[0;32m  OK  [0m] Mounted FUSE Control File System.
[[0;32m  OK  [0m] Started Journal Service.
[[0;32m  OK  [0m] Started Create list of required staâ€¦vice nodes for the current kernel.
[[0;32m  OK  [0m] Mounted Kernel Configuration File System.
[[0;32m  OK  [0m] Started Uncomplicated firewall.
[[0;32m  OK  [0m] Started LVM2 metadata daemon.
         Starting Create Static Device Nodes in /dev...
[[0;32m  OK  [0m] Started Remount Root and Kernel File Systems.
         Starting Flush Journal to Persistent Storage...
         Starting Load/Save Random Seed...
[[0;32m  OK  [0m] Started Monitoring of LVM2 mirrors,â€¦sing dmeventd or progress polling.
[[0;32m  OK  [0m] Started Apply Kernel Variables.
[[0;32m  OK  [0m] Started udev Coldplug all Devices.
[[0;32m  OK  [0m] Started Create Static Device Nodes in /dev.
[[0;32m  OK  [0m] Started Load/Save Random Seed.
         Starting udev Kernel Device Manager...
[[0;32m  OK  [0m] Started udev Kernel Device Manager.
[[0;32m  OK  [0m] Started Flush Journal to Persistent Storage.
[[0;32m  OK  [0m] Found device /dev/ttyS0.
[[0;32m  OK  [0m] Listening on Load/Save RF Kill Switch Status /dev/rfkill Watch.
[[0;32m  OK  [0m] Started Set the console keyboard layout.
[[0;32m  OK  [0m] Reached target Local File Systems (Pre).
[[0;32m  OK  [0m] Reached target Local File Systems.
         Starting ebtables ruleset management...
         Starting Set console font and keymap...
         Starting Create Volatile Files and Directories...
         Starting Commit a transient machine-id on disk...
         Starting AppArmor initialization...
         Starting Tell Plymouth To Write Out Runtime Data...
[[0;32m  OK  [0m] Started Dispatch Password Requests to Console Directory Watch.
[[0;32m  OK  [0m] Reached target Local Encrypted Volumes.
[[0;32m  OK  [0m] Started Create Volatile Files and Directories.
         Starting Update UTMP about System Boot/Shutdown...
[[0;32m  OK  [0m] Started Tell Plymouth To Write Out Runtime Data.
[[0;32m  OK  [0m] Started Update UTMP about System Boot/Shutdown.
[[0;32m  OK  [0m] Started Commit a transient machine-id on disk.
[[0;32m  OK  [0m] Started ebtables ruleset management.
[[0;32m  OK  [0m] Started AppArmor initialization.
         Starting Load AppArmor profiles managed internally by snapd...
         Starting Initial cloud-init job (pre-networking)...
[[0;32m  OK  [0m] Started Load AppArmor profiles managed internally by snapd.
[[0;32m  OK  [0m] Started Set console font and keymap.
[    8.114902] cloud-init[867]: Cloud-init v. 22.2-0ubuntu1~18.04.2 running 'init-local' at Wed, 31 Aug 2022 21:25:28 +0000. Up 7.82 seconds.
[[0;32m  OK  [0m] Started Initial cloud-init job (pre-networking).
[[0;32m  OK  [0m] Reached target Network (Pre).
         Starting Network Service...
[[0;32m  OK  [0m] Started Network Service.
         Starting Network Name Resolution...
         Starting Wait for Network to be Configured...
[[0;32m  OK  [0m] Started Network Name Resolution.
[[0;32m  OK  [0m] Reached target Network.
[[0;32m  OK  [0m] Reached target Host and Network Name Lookups.
[[0;32m  OK  [0m] Started Wait for Network to be Configured.
         Starting Initial cloud-init job (metadata service crawler)...
[   10.588740] cloud-init[997]: Cloud-init v. 22.2-0ubuntu1~18.04.2 running 'init' at Wed, 31 Aug 2022 21:25:31 +0000. Up 10.46 seconds.
[   10.589907] cloud-init[997]: ci-info: ++++++++++++++++++++++++++++++++++++++Net device info+++++++++++++++++++++++++++++++++++++++
[   10.591068] cloud-init[997]: ci-info: +--------+-------+----------------------------+---------------+--------+-------------------+
[   10.592235] cloud-init[997]: ci-info: | Device |   Up  |          Address           |      Mask     | Scope  |     Hw-Address    |
[   10.593435] cloud-init[997]: ci-info: +--------+-------+----------------------------+---------------+--------+-------------------+
[   10.594600] cloud-init[997]: ci-info: | enp0s3 |  True |         10.0.2.15          | 255.255.255.0 | global | 02:77:ed:63:d5:e3 |
[   10.595852] cloud-init[997]: ci-info: | enp0s3 |  True | fe80::77:edff:fe63:d5e3/64 |       .       |  link  | 02:77:ed:63:d5:e3 |
[   10.600574] cloud-init[997]: ci-info: | enp0s8 | False |             .              |       .       |   .    | 08:00:27:fc:ed:97 |
[   10.604246] cloud-init[997]: ci-info: |   lo   |  True |         127.0.0.1          |   255.0.0.0   |  host  |         .         |
[   10.605715] cloud-init[997]: ci-info: |   lo   |  True |          ::1/128           |       .       |  host  |         .         |
[   10.606908] cloud-init[997]: ci-info: +--------+-------+----------------------------+---------------+--------+-------------------+
[   10.608106] cloud-init[997]: ci-info: ++++++++++++++++++++++++++++Route IPv4 info+++++++++++++++++++++++++++++
[   10.609098] cloud-init[997]: ci-info: +-------+-------------+----------+-----------------+-----------+-------+
[   10.610049] cloud-init[997]: ci-info: | Route | Destination | Gateway  |     Genmask     | Interface | Flags |
[   10.610995] cloud-init[997]: ci-info: +-------+-------------+----------+-----------------+-----------+-------+
[   10.612075] cloud-init[997]: ci-info: |   0   |   0.0.0.0   | 10.0.2.2 |     0.0.0.0     |   enp0s3  |   UG  |
[   10.612975] cloud-init[997]: ci-info: |   1   |   10.0.2.0  | 0.0.0.0  |  255.255.255.0  |   enp0s3  |   U   |
[   10.614398] cloud-init[997]: ci-info: |   2   |   10.0.2.2  | 0.0.0.0  | 255.255.255.255 |   enp0s3  |   UH  |
[   10.615436] cloud-init[997]: ci-info: +-------+-------------+----------+-----------------+-----------+-------+
[   10.616426] cloud-init[997]: ci-info: +++++++++++++++++++Route IPv6 info+++++++++++++++++++
[   10.617543] cloud-init[997]: ci-info: +-------+-------------+---------+-----------+-------+
[   10.618410] cloud-init[997]: ci-info: | Route | Destination | Gateway | Interface | Flags |
[   10.619191] cloud-init[997]: ci-info: +-------+-------------+---------+-----------+-------+
[   10.619933] cloud-init[997]: ci-info: |   1   |  fe80::/64  |    ::   |   enp0s3  |   U   |
[   10.620889] cloud-init[997]: ci-info: |   3   |    local    |    ::   |   enp0s3  |   U   |
[   10.621656] cloud-init[997]: ci-info: |   4   |   ff00::/8  |    ::   |   enp0s3  |   U   |
[   10.622529] cloud-init[997]: ci-info: +-------+-------------+---------+-----------+-------+
[   11.229394] cloud-init[997]: Generating public/private rsa key pair.
[   11.244187] cloud-init[997]: Your identification has been saved in /etc/ssh/ssh_host_rsa_key.
[   11.260187] cloud-init[997]: Your public key has been saved in /etc/ssh/ssh_host_rsa_key.pub.
[[0;32m  OK  [0m] Started Initial cloud-init job (metadata service crawler).
[   11.277627] cloud-init[997]: The key fingerprint is:[[0;32m  OK  [0m] Reached target System Initialization.
[[0;32m  OK  [0m] Listening on Open-iSCSI iscsid Socket.
[[0;32m  OK  [0m] Started Discard unused blocks once a week.

[[0;32m  OK  [0m] Started ACPI Events Check.
[[0;32m  OK  [0m] Listening on ACPID Listen Socket.
[[0;32m  OK  [0m] Started Message of the Day.
[[0;32m  OK  [0m] Started Ubuntu Advantage Timer for running repeated jobs.
[[0;32m  OK  [0m] Listening on cloud-init hotplug hook socket.
[[0;32m  OK  [0m] Started Daily apt download activities.
[[0;32m  OK  [0m] Started Daily apt upgrade and clean activities.
[[0;32m  OK  [0m] Listening on UUID daemon activation socket.
[[0;32m  OK  [0m] Listening on D-Bus System Message Bus Socket.
         Starting Socket activation for snappy daemon.
[   11.280738] cloud-init[997]: SHA256:pBgv5HLbYTVWyqXm2/5B8u+Q/U18y55IFyC+QnMwbwM root@ubuntu-bionic
[   11.289548] [[0;32m  OK  [0m] Started Trigger to poll for Ubuntu â€¦(Only enabled on GCP LTS non-pro).
[[0;32m  OK  [0m] Started Daily Cleanup of Temporary Directories.
[[0;32m  OK  [0m] Reached target Timers.
cloud-init[997]: The key's randomart image is:
[   11.293036] cloud-init[997]: +---[RSA 2048]----+
[   11.293524] cloud-init[997]: |          o      |
         Starting LXD - unix socket.
[[0;32m  OK  [0m] Reached target Paths.
[[0;32m  OK  [0m] Reached target Cloud-config availability.
[   11.296641] [[0;32m  OK  [0m] Reached target Network is Online.
cloud-init[997]: |       . =       |
         Starting Availability of block devices...
[   11.320854] [[0;32m  OK  [0m] Reached target Remote File Systems (Pre).
[[0;32m  OK  [0m] Reached target Remote File Systems.
[[0;32m  OK  [0m] Listening on Socket activation for snappy daemon.
[[0;32m  OK  [0m] Listening on LXD - unix socket.
cloud-init[997]: |    o   XE . .   |
[[0;32m  OK  [0m] Started Availability of block devices.
[   11.323806] [cloud-init[0;32m  OK  [0m[997]: ] |   o + B .* . .  |Reached target Sockets.

[[0;32m  OK  [0m] Reached target Basic System.
[   11.345322] cloud-init[997]: |  . = = So.*.  . |
         Starting LXD - container startup/shutdown...
[   11.368305] cloud-init[997]: |   o = ..o++oo ..|
[   11.369510] cloud-init[997]: |    . . ....=...+|
[   11.380243] cloud-init[997]: |         .. .++o=|
[   11.392219] cloud-init[997]: |          ...o+=o|
[   11.392555] cloud-init[997]: +----[SHA256]-----+
[   11.408164] cloud-init[997]: Generating public/private dsa key pair.
[   11.420154] cloud-init[997]: Your identification has been saved in /etc/ssh/ssh_host_dsa_key.
[   11.432206] cloud-init[997]: Your public key has been saved in /etc/ssh/ssh_host_dsa_key.pub.
[   11.448695] [cloud-init[0;32m  OK  [0m[997]: ] The key fingerprint is:Started Regular background program processing daemon.

[   11.450113]          cloud-initStarting Permit User Sessions...[997]: 
SHA256:h2sxw7mItqY4Btq1sIe6fDYAyvr2MfXP+KECuZvulPA root@ubuntu-bionic
         Starting LSB: Record successful boot for GRUB...
[[0;32m  OK  [0m] Started FUSE filesystem for LXC.
         Starting LSB: automatic crash report generation...
[   11.451477] cloud-init[997]: The key's randomart image is:
[   11.484194] [[0;32m  OK  [0m] Started D-Bus System Message Bus.
cloud-init[997]: +---[DSA 1024]----+
[   11.500185] cloud-init[997]: |                 |
[   11.500845] cloud-init[997]: |                 |
         Starting Pollinate to seed the pseudo random number generator...
[   11.516522] cloud-init[997]: |                 |
[   11.529326] cloud-init[997]: |.      . o       |
         Starting System Logging Service...
[   11.530047] cloud-init[997]: |+ .  .. S .      |
         Starting Login Service...
[   11.540185] cloud-init[997]: |oo.o++ o B       |
         Starting Accounts Service...
[   11.564852] cloud-init[997]: |+..=E+. = .      |
[   11.565454] cloud-init[997]: |=o=*==.. = .     |         Starting Virtualbox guest utils...

[   11.566398] cloud-init[997]: [[0;32m  OK  [0m] Started Deferred execution scheduler.
|=B=BO. .o.+      |
[   11.567529] cloud-init[997]: +----[SHA256]-----+
[   11.569142] cloud-init[997]: Generating public/private ecdsa key pair.
[   11.570061] cloud-init[997]: Your identification has been saved in /etc/ssh/ssh_host_ecdsa_key.
[[0;32m  OK  [0m] Started irqbalance daemon.
[   11.588567] cloud-init[997]: Your public key has been saved in /etc/ssh/ssh_host_ecdsa_key.pub.
[   11.612245] cloud-init[997]: The key fingerprint is:
[   11.624163] cloud-init[997]: SHA256:qlB7wEfQbFEJyNjxZj99bgzcQfYar1GNffEil1B07H0 root@ubuntu-bionic
         Starting Dispatcher daemon for systemd-networkd...
[   11.640153] cloud-init[997]: The key's randomart image is:
[   11.652468] cloud-init[997]: +---[ECDSA 256]---+
[   11.664244] cloud-init[997]: |   +o=o+..  +ooo.|
[   11.664860] cloud-init[997]: |  . +o+ .  o o *+|
         Starting Snap Daemon...
[[0;32m  OK  [0m] Started System Logging Service.
[[0;32m  OK  [0m] Started LXD - container startup/shutdown.
[[0;32m  OK  [0m] Started Permit User Sessions.
[   11.685792] cloud-init[997]: |     .=     + B.*|
[[0;32m  OK  [0m] Started Login Service.
[   11.718316] cloud-init[997]: |   . + . o . O .E|
[   11.736945] cloud-init[997]: |    + . S + = . .|
[   11.748279] cloud-init[997]: |   . + . . = o   |
[   11.748751] cloud-init[997]: |  . . o     =    |
[   11.749268] cloud-init[997]: |   . o     .     |
[   11.749758] cloud-init[997]: |    .            |
[   11.753223] cloud-init[997]: +----[SHA256]-----+
[   11.753856] cloud-init[997]: Generating public/private ed25519 key pair.
[   11.768217] cloud-init[997]: Your identification has been saved in /etc/ssh/ssh_host_ed25519_key.
[   11.768872] cloud-init[997]: Your public key has been saved in /etc/ssh/ssh_host_ed25519_key.pub.
[   11.769667] cloud-init[997]: The key fingerprint is:
[   11.770342] cloud-init[997]: SHA256:I0nELVsdVSJq2+u0Y1aSc2qkkgs3JJIHW5VigPxoCTo root@ubuntu-bionic
[   11.771344] cloud-init[997]: The key's randomart image is:
[   11.772082] cloud-init[997]: +--[ED25519 256]--+
[   11.775104] cloud-init[997]: |.... .oo .ooo..  |
[   11.775851] cloud-init[997]: |o.  oo+ o... .   |
[   11.776583] cloud-init[997]: |o =....+o        |
[   11.777204] cloud-init[997]: |E+ * ..o o       |
[   11.777851] cloud-init[997]: |..+ o + S ..     |
[   11.778467] cloud-init[997]: |   o o . .=.o    |
[   11.779063] cloud-init[997]: |    . o. oo*     |
[   11.779667] cloud-init[997]: |     oo..o*.     |
[   11.785786] cloud-init[997]: |      .o +o.     |
[   11.796796] cloud-init[997]: +----[SHA256]-----+
[[0;32m  OK  [0m] Started LSB: automatic crash report generation.
         Starting Authorization Manager...
[[0;32m  OK  [0m] Started Unattended Upgrades Shutdown.
         Starting Hold until boot process finishes up...
         Starting Terminate Plymouth Boot Screen...
[[0;32m  OK  [0m] Started Hold until boot process finishes up.
[[0;32m  OK  [0m] Started Terminate Plymouth Boot Screen.
[[0;32m  OK  [0m] Started Serial Getty on ttyS0.
         Starting Set console scheme...
[[0;32m  OK  [0m] Started Set console scheme.
[[0;32m  OK  [0m] Created slice system-getty.slice.
[[0;32m  OK  [0m] Started Getty on tty1.
[[0;32m  OK  [0m] Reached target Login Prompts.
[[0;32m  OK  [0m] Started LSB: Record successful boot for GRUB.
[[0;32m  OK  [0m] Started Dispatcher daemon for systemd-networkd.
[[0;32m  OK  [0m] Started Authorization Manager.
[[0;32m  OK  [0m] Started Accounts Service.
[[0;32m  OK  [0m] Started Virtualbox guest utils.
[[0;32m  OK  [0m] Started Pollinate to seed the pseudo random number generator.
         Starting OpenBSD Secure Shell server...
[[0;32m  OK  [0m] Started OpenBSD Secure Shell server.
[[0;32m  OK  [0m] Started Snap Daemon.
         Starting Wait until snapd is fully seeded...
[[0;32m  OK  [0m] Created slice User Slice of vagrant.
         Starting User Manager for UID 1000...
[[0;32m  OK  [0m] Started Session 1 of user vagrant.
[[0;32m  OK  [0m] Started User Manager for UID 1000.
         Starting Time & Date Service...
[[0;32m  OK  [0m] Started Time & Date Service.
[[0;32m  OK  [0m] Started Wait until snapd is fully seeded.
[[0;32m  OK  [0m] Reached target Multi-User System.
[[0;32m  OK  [0m] Reached target Graphical Interface.
         Starting Update UTMP about System Runlevel Changes...
         Starting Apply the settings specified in cloud-config...
[[0;32m  OK  [0m] Started Update UTMP about System Runlevel Changes.
[   14.201715] cloud-init[1712]: Cloud-init v. 22.2-0ubuntu1~18.04.2 running 'modules:config' at Wed, 31 Aug 2022 21:25:34 +0000. Up 13.90 seconds.
[[0;32m  OK  [0m] Started Apply the settings specified in cloud-config.
         Starting Execute cloud user/final scripts...
ci-info: no authorized SSH keys fingerprints found for user ubuntu.
<14>Aug 31 21:25:35 cloud-init: #############################################################
<14>Aug 31 21:25:35 cloud-init: -----BEGIN SSH HOST KEY FINGERPRINTS-----
<14>Aug 31 21:25:35 cloud-init: 1024 SHA256:h2sxw7mItqY4Btq1sIe6fDYAyvr2MfXP+KECuZvulPA root@ubuntu-bionic (DSA)
<14>Aug 31 21:25:35 cloud-init: 256 SHA256:qlB7wEfQbFEJyNjxZj99bgzcQfYar1GNffEil1B07H0 root@ubuntu-bionic (ECDSA)
<14>Aug 31 21:25:35 cloud-init: 256 SHA256:I0nELVsdVSJq2+u0Y1aSc2qkkgs3JJIHW5VigPxoCTo root@ubuntu-bionic (ED25519)
<14>Aug 31 21:25:35 cloud-init: 2048 SHA256:pBgv5HLbYTVWyqXm2/5B8u+Q/U18y55IFyC+QnMwbwM root@ubuntu-bionic (RSA)
<14>Aug 31 21:25:35 cloud-init: -----END SSH HOST KEY FINGERPRINTS-----
<14>Aug 31 21:25:35 cloud-init: #############################################################
-----BEGIN SSH HOST KEY KEYS-----
ecdsa-sha2-nistp256 AAAAE2VjZHNhLXNoYTItbmlzdHAyNTYAAAAIbmlzdHAyNTYAAABBBFD+BQJwpahTMCO8dA1VtD8UGWmtS7+D6+fgxIRXbaFzmWrPKZyu7BSNYun5rPPVnAPKEtwvk12pog6WkhQ8sgg= root@ubuntu-bionic
ssh-ed25519 AAAAC3NzaC1lZDI1NTE5AAAAIH9qITFaoE1Byn9xfGjFVpTcgNalg8lXca2bXzhwSmwL root@ubuntu-bionic
ssh-rsa AAAAB3NzaC1yc2EAAAADAQABAAABAQDPKTzKCFqhG/NhVznbnpiF8rtXTOcRuW9z+w/Lo90p55EnFAMtZ/iN/Cnr5eILqxl/QbQ7WtqKjRDEKqdY7RxU+xO6t8dCX9tdqZpmqKgsdxB1T7uKCnFsxAAQQUSWdSZ4IlgeUybnHoslI1ZpZZEXbFRVMBY8SnmbnElxBoBz7I70qZuEGOeWwE0p2apn+E5qjkCw72zksQgsAH3XNHBZCNOzK8VTuP82cvTm1PPuTnpeiHN+9A4oroj5sHzMG6f+T3gmn86pm6s2sHUIC8vi4S0IznRfWNuodxxk8MU0u5ds9PUNFMN9YZ7/NMFV//QLi0aMHME1F9lLOGrviXCp root@ubuntu-bionic
-----END SSH HOST KEY KEYS-----
[   14.724242] cloud-init[1828]: Cloud-init v. 22.2-0ubuntu1~18.04.2 running 'modules:final' at Wed, 31 Aug 2022 21:25:35 +0000. Up 14.56 seconds.
[   14.736278] cloud-init[1828]: Cloud-init v. 22.2-0ubuntu1~18.04.2 finished at Wed, 31 Aug 2022 21:25:35 +0000. Datasource DataSourceNoCloud [seed=/dev/sdb][dsmode=net].  Up 14.71 seconds
[[0;32m  OK  [0m] Started Execute cloud user/final scripts.
[[0;32m  OK  [0m] Reached target Cloud-init target.

Ubuntu 18.04.6 LTS ubuntu-bionic ttyS0

ubuntu-bionic login: 